--------------------------------------------------------------------------------------
Timing Analyzer Summary
--------------------------------------------------------------------------------------

Type           : Worst-case tsu
Slack          : N/A
Required Time  : None
Actual Time    : 7.101 ns
From           : data[4]
To             : operative_part:OP_PART|reg_4bits:Registre4bit|data_out[0]
From Clock     : --
To Clock       : clk
Failed Paths   : 0

Type           : Worst-case tco
Slack          : N/A
Required Time  : None
Actual Time    : 11.201 ns
From           : operative_part:OP_PART|demux_2_1:Demuxtiplex|output1[1]
To             : jour1[1]
From Clock     : demux_sel
To Clock       : --
Failed Paths   : 0

Type           : Worst-case th
Slack          : N/A
Required Time  : None
Actual Time    : -2.784 ns
From           : timer
To             : control_part:CTRL_PART|c_state.S0
From Clock     : --
To Clock       : clk
Failed Paths   : 0

Type           : Clock Setup: 'clk'
Slack          : N/A
Required Time  : None
Actual Time    : 97.24 MHz ( period = 10.284 ns )
From           : control_part:CTRL_PART|en_reg4
To             : operative_part:OP_PART|reg_4bits:Registre4bit|data_out[1]
From Clock     : clk
To Clock       : clk
Failed Paths   : 0

Type           : Clock Hold: 'clk'
Slack          : Not operational: Clock Skew > Data Delay
Required Time  : None
Actual Time    : N/A
From           : control_part:CTRL_PART|c_state.S2
To             : control_part:CTRL_PART|sel
From Clock     : clk
To Clock       : clk
Failed Paths   : 4

Type           : Total number of failed paths
Slack          : 
Required Time  : 
Actual Time    : 
From           : 
To             : 
From Clock     : 
To Clock       : 
Failed Paths   : 4

--------------------------------------------------------------------------------------

